../Drivers/CMSIS/Include/core_cm4.h:2059:26:ITM_SendChar	16	static,ignoring_inline_asm
../Core/Src/main.c:87:5:main	8	static
../Core/Src/main.c:149:6:SystemClock_Config	112	static
../Core/Src/main.c:213:13:MX_ADC1_Init	56	static
../Core/Src/main.c:281:6:MX_I2C1_Init	8	static
../Core/Src/main.c:329:13:MX_TIM1_Init	120	static
../Core/Src/main.c:419:6:MX_TIM2_Init	64	static
../Core/Src/main.c:482:13:MX_TIM3_Init	64	static
../Core/Src/main.c:549:6:MX_TIM7_Init	24	static
../Core/Src/main.c:587:6:MX_TIM8_Init	120	static
../Core/Src/main.c:673:13:MX_TIM15_Init	104	static
../Core/Src/main.c:739:13:MX_TIM16_Init	88	static
../Core/Src/main.c:802:6:MX_USART2_UART_Init	8	static
../Core/Src/main.c:850:6:MX_USB_PCD_Init	8	static
../Core/Src/main.c:881:13:MX_DMA_Init	16	static
../Core/Src/main.c:900:13:MX_GPIO_Init	48	static
../Core/Src/main.c:957:6:ESP32_EN_switch	40	static
../Core/Src/main.c:1014:6:HAL_GPIO_EXTI_Callback	16	static
../Core/Src/main.c:1023:5:_write	32	static
../Core/Src/main.c:1045:6:HAL_TIM_PeriodElapsedCallback	16	static
../Core/Src/main.c:1071:6:Error_Handler	4	static,ignoring_inline_asm
