../Middlewares/ST/usbx/common/usbx_stm32_device_controllers/ux_dcd_stm32_callback.c:35:20:_ux_dcd_stm32_setup_in	16	static
../Middlewares/ST/usbx/common/usbx_stm32_device_controllers/ux_dcd_stm32_callback.c:49:20:_ux_dcd_stm32_setup_out	24	static
../Middlewares/ST/usbx/common/usbx_stm32_device_controllers/ux_dcd_stm32_callback.c:72:20:_ux_dcd_stm32_setup_status	24	static
../Middlewares/ST/usbx/common/usbx_stm32_device_controllers/ux_dcd_stm32_callback.c:231:6:HAL_PCD_SetupStageCallback	40	static
../Middlewares/ST/usbx/common/usbx_stm32_device_controllers/ux_dcd_stm32_callback.c:393:6:HAL_PCD_DataInStageCallback	40	static
../Middlewares/ST/usbx/common/usbx_stm32_device_controllers/ux_dcd_stm32_callback.c:589:6:HAL_PCD_DataOutStageCallback	40	static
../Middlewares/ST/usbx/common/usbx_stm32_device_controllers/ux_dcd_stm32_callback.c:742:6:HAL_PCD_ResetCallback	16	static
../Middlewares/ST/usbx/common/usbx_stm32_device_controllers/ux_dcd_stm32_callback.c:821:6:HAL_PCD_ConnectCallback	16	static
../Middlewares/ST/usbx/common/usbx_stm32_device_controllers/ux_dcd_stm32_callback.c:875:6:HAL_PCD_DisconnectCallback	16	static
../Middlewares/ST/usbx/common/usbx_stm32_device_controllers/ux_dcd_stm32_callback.c:934:6:HAL_PCD_SuspendCallback	16	static
../Middlewares/ST/usbx/common/usbx_stm32_device_controllers/ux_dcd_stm32_callback.c:985:6:HAL_PCD_ResumeCallback	16	static
../Middlewares/ST/usbx/common/usbx_stm32_device_controllers/ux_dcd_stm32_callback.c:1036:6:HAL_PCD_SOFCallback	16	static
